
> votepath-ai@0.2.0 test
> jest __tests__/lib/auth.test.ts --reporters=default

  console.error
    Error signing in with Google: Error: Auth failed
        at Object.<anonymous> (C:\Users\Aashutosh\Downloads\hackathone\__tests__\lib\auth.test.ts:57:60)
        at Promise.finally.completed (C:\Users\Aashutosh\Downloads\hackathone\node_modules\jest-circus\build\jestAdapterInit.js:1557:28)
        at new Promise (<anonymous>)
        at callAsyncCircusFn (C:\Users\Aashutosh\Downloads\hackathone\node_modules\jest-circus\build\jestAdapterInit.js:1497:10)
        at _callCircusTest (C:\Users\Aashutosh\Downloads\hackathone\node_modules\jest-circus\build\jestAdapterInit.js:1007:40)
        at processTicksAndRejections (node:internal/process/task_queues:103:5)
        at _runTest (C:\Users\Aashutosh\Downloads\hackathone\node_modules\jest-circus\build\jestAdapterInit.js:947:3)
        at C:\Users\Aashutosh\Downloads\hackathone\node_modules\jest-circus\build\jestAdapterInit.js:849:7
        at _runTestsForDescribeBlock (C:\Users\Aashutosh\Downloads\hackathone\node_modules\jest-circus\build\jestAdapterInit.js:862:11)
        at _runTestsForDescribeBlock (C:\Users\Aashutosh\Downloads\hackathone\node_modules\jest-circus\build\jestAdapterInit.js:857:11)
        at _runTestsForDescribeBlock (C:\Users\Aashutosh\Downloads\hackathone\node_modules\jest-circus\build\jestAdapterInit.js:857:11)
        at run (C:\Users\Aashutosh\Downloads\hackathone\node_modules\jest-circus\build\jestAdapterInit.js:761:3)
        at runAndTransformResultsToJestFormat (C:\Users\Aashutosh\Downloads\hackathone\node_modules\jest-circus\build\jestAdapterInit.js:1918:21)
        at jestAdapter (C:\Users\Aashutosh\Downloads\hackathone\node_modules\jest-circus\build\runner.js:101:19)
        at runTestInternal (C:\Users\Aashutosh\Downloads\hackathone\node_modules\jest-runner\build\index.js:275:16)
        at runTest (C:\Users\Aashutosh\Downloads\hackathone\node_modules\jest-runner\build\index.js:343:7)

    [0m [90m 27 |[39m     [36mreturn[39m result[33m.[39muser[33m;[39m
     [90m 28 |[39m   } [36mcatch[39m (error) {
    [31m[1m>[22m[39m[90m 29 |[39m     console[33m.[39merror([32m"Error signing in with Google:"[39m[33m,[39m error)[33m;[39m
     [90m    |[39m             [31m[1m^[22m[39m
     [90m 30 |[39m     [36mthrow[39m error[33m;[39m
     [90m 31 |[39m   }
     [90m 32 |[39m }[33m;[39m[0m

      at error (src/lib/auth.ts:29:13)
      at Object.<anonymous> (__tests__/lib/auth.test.ts:58:20)

node.exe : FAIL __tests__/lib/auth.test.ts
At line:1 char:1
+ & "C:\Program Files\nodejs/node.exe" "C:\Program Files\nodejs/node_mo ...
+ ~~~~~~~~~~~~~~~~~~~~~~~~~~~~~~~~~~~~~~~~~~~~~~~~~~~~~~~~~~~~~~~~~~~~~
    + CategoryInfo          : NotSpecified: (FAIL __tests__/lib/auth.test.ts:String) [], RemoteException
    + FullyQualifiedErrorId : NativeCommandError
 
  Auth Library
    signInWithGoogle
      ΓêÜ returns user on success (3 ms)
      ΓêÜ returns null if auth is missing
      ├ù handles errors (14 ms)
    logOut
      ΓêÜ calls signOut
    subscribeToAuthChanges
      ΓêÜ calls onAuthStateChanged (1 ms)
    signInWithPhone
      ├ù calls signInWithPhoneNumber
      ├ù handles errors
    verifyOTP
      ├ù confirms code
      ├ù handles verification errors

  ΓùÅ Auth Library ΓÇ║ signInWithGoogle ΓÇ║ handles errors

    Auth failed

    [0m [90m 55 |[39m
     [90m 56 |[39m     it([32m'handles errors'[39m[33m,[39m [36masync[39m () [33m=>[39m {
    [31m[1m>[22m[39m[90m 57 |[39m       (signInWithPopup [36mas[39m 
jest[33m.[39m[33mMock[39m)[33m.[39mmockRejectedValueOnce([36mnew[39m [33mError[39m([32m'Auth 
failed'[39m))[33m;[39m
     [90m    |[39m                                                            [31m[1m^[22m[39m
     [90m 58 |[39m       [36mconst[39m user [33m=[39m [36mawait[39m signInWithGoogle()[33m;[39m
     [90m 59 |[39m       expect(user)[33m.[39mtoBeNull()[33m;[39m
     [90m 60 |[39m     })[33m;[39m[0m

      at Object.<anonymous> (__tests__/lib/auth.test.ts:57:60)

  ΓùÅ Auth Library ΓÇ║ signInWithPhone ΓÇ║ calls signInWithPhoneNumber

    TypeError: (0 , _auth.signInWithPhone) is not a function

    [0m [90m 81 |[39m       (signInWithPhoneNumber [36mas[39m 
jest[33m.[39m[33mMock[39m)[33m.[39mmockResolvedValueOnce({ verificationId[33m:[39m [32m'vid'[39m 
})[33m;[39m
     [90m 82 |[39m       
    [31m[1m>[22m[39m[90m 83 |[39m       [36mconst[39m result [33m=[39m [36mawait[39m 
signInWithPhone([32m'1234567890'[39m[33m,[39m mockVerifier)[33m;[39m
     [90m    |[39m                                           [31m[1m^[22m[39m
     [90m 84 |[39m       expect(result)[33m.[39mtoEqual({ verificationId[33m:[39m [32m'vid'[39m })[33m;[39m
     [90m 85 |[39m       expect(signInWithPhoneNumber)[33m.[39mtoHaveBeenCalledWith(auth[33m,[39m 
[32m'1234567890'[39m[33m,[39m mockVerifier)[33m;[39m
     [90m 86 |[39m     })[33m;[39m[0m

      at Object.<anonymous> (__tests__/lib/auth.test.ts:83:43)

  ΓùÅ Auth Library ΓÇ║ signInWithPhone ΓÇ║ handles errors

    TypeError: (0 , _auth.signInWithPhone) is not a function

    [0m [90m 88 |[39m     it([32m'handles errors'[39m[33m,[39m [36masync[39m () [33m=>[39m {
     [90m 89 |[39m       (signInWithPhoneNumber [36mas[39m 
jest[33m.[39m[33mMock[39m)[33m.[39mmockRejectedValueOnce([36mnew[39m 
[33mError[39m([32m'Failed'[39m))[33m;[39m
    [31m[1m>[22m[39m[90m 90 |[39m       [36mconst[39m result [33m=[39m [36mawait[39m 
signInWithPhone([32m'123'[39m[33m,[39m {} [36mas[39m any)[33m;[39m
     [90m    |[39m                                           [31m[1m^[22m[39m
     [90m 91 |[39m       expect(result)[33m.[39mtoBeNull()[33m;[39m
     [90m 92 |[39m     })[33m;[39m
     [90m 93 |[39m   })[33m;[39m[0m

      at Object.<anonymous> (__tests__/lib/auth.test.ts:90:43)

  ΓùÅ Auth Library ΓÇ║ verifyOTP ΓÇ║ confirms code

    TypeError: (0 , _auth.verifyOTP) is not a function

    [0m [90m  96 |[39m     it([32m'confirms code'[39m[33m,[39m [36masync[39m () [33m=>[39m {
     [90m  97 |[39m       [36mconst[39m mockConfirm [33m=[39m 
jest[33m.[39mfn()[33m.[39mmockResolvedValueOnce({ user[33m:[39m { uid[33m:[39m [32m'1'[39m } })[33m;[39m
    [31m[1m>[22m[39m[90m  98 |[39m       [36mconst[39m result [33m=[39m [36mawait[39m 
verifyOTP(mockConfirm [36mas[39m any[33m,[39m [32m'123456'[39m)[33m;[39m
     [90m     |[39m                                     [31m[1m^[22m[39m
     [90m  99 |[39m       expect(result[33m.[39muid)[33m.[39mtoBe([32m'1'[39m)[33m;[39m
     [90m 100 |[39m       expect(mockConfirm)[33m.[39mtoHaveBeenCalledWith([32m'123456'[39m)[33m;[39m
     [90m 101 |[39m     })[33m;[39m[0m

      at Object.<anonymous> (__tests__/lib/auth.test.ts:98:37)

  ΓùÅ Auth Library ΓÇ║ verifyOTP ΓÇ║ handles verification errors

    TypeError: (0 , _auth.verifyOTP) is not a function

    [0m [90m 103 |[39m     it([32m'handles verification errors'[39m[33m,[39m [36masync[39m () [33m=>[39m {
     [90m 104 |[39m       [36mconst[39m mockConfirm [33m=[39m 
jest[33m.[39mfn()[33m.[39mmockRejectedValueOnce([36mnew[39m [33mError[39m([32m'Wrong OTP'[39m))[33m;[39m
    [31m[1m>[22m[39m[90m 105 |[39m       [36mawait[39m expect(verifyOTP(mockConfirm [36mas[39m 
any[33m,[39m [32m'000000'[39m))[33m.[39mrejects[33m.[39mtoThrow([32m'Wrong OTP'[39m)[33m;[39m
     [90m     |[39m                             [31m[1m^[22m[39m
     [90m 106 |[39m     })[33m;[39m
     [90m 107 |[39m   })[33m;[39m
     [90m 108 |[39m })[33m;[39m[0m

      at Object.<anonymous> (__tests__/lib/auth.test.ts:105:29)

----------|---------|----------|---------|---------|-----------------------------------------
File      | % Stmts | % Branch | % Funcs | % Lines | Uncovered Line #s                       
----------|---------|----------|---------|---------|-----------------------------------------
All files |   40.32 |    23.07 |      30 |   45.65 |                                         
 auth.ts  |   40.32 |    23.07 |      30 |   45.65 | 42-43,59-61,73-78,86-98,106-112,120-122 
----------|---------|----------|---------|---------|-----------------------------------------
Jest: "global" coverage threshold for branches (30%) not met: 23.07%
Jest: "global" coverage threshold for functions (40%) not met: 30%
Test Suites: 1 failed, 1 total
Tests:       5 failed, 4 passed, 9 total
Snapshots:   0 total
Time:        1.183 s
Ran all test suites matching __tests__/lib/auth.test.ts.
